
   Configure summary

Build type:    linux-g++ (x86_64, CPU features: mmx sse sse2)
Platform notes:

            - Also available for Linux: linux-kcc linux-icc linux-cxx
        
qmake vars .......... styles += mac fusion windows DEFINES += QT_NO_MTDEV QMAKE_CFLAGS_FONTCONFIG =  QMAKE_LIBS_FONTCONFIG = -lfreetype -lfontconfig DEFINES += QT_NO_LIBUDEV DEFINES += QT_NO_EVDEV DEFINES +=  "QT_NO_GRAPHICSVIEW" "QT_NO_GRAPHICSEFFECT" "QT_NO_STYLESHEET" "QT_NO_STYLE_CDE" "QT_NO_STYLE_CLEANLOOKS" "QT_NO_STYLE_MOTIF" "QT_NO_STYLE_PLASTIQUE" sql-drivers =  sqlite sql-plugins =  qmake switches ......... 

Build options:
  Configuration .......... accessibility audio-backend avx avx2 c++11 clock-gettime clock-monotonic concurrent eventfd fontconfig full-config getaddrinfo getifaddrs gif harfbuzz iconv icu inotify ipv6ifname jpeg large-config largefile medium-config minimal-config mremap no-pkg-config openssl-linked pcre png posix_fallocate precompile_header qpa qpa reduce_exports reduce_relocations release rpath small-config sse2 sse3 sse4_1 sse4_2 ssse3 static system-freetype system-jpeg system-png system-zlib xlib 
  Build parts ............ libs
  Mode ................... release
  Using C++11 ............ yes
  Using PCH .............. yes
  Target compiler supports:
    SSE2/SSE3/SSSE3 ...... yes/yes/yes
    SSE4.1/SSE4.2 ........ yes/yes
    AVX/AVX2 ............. yes/yes

Qt modules and options:
  Qt D-Bus ............... no
  Qt Concurrent .......... yes
  Qt GUI ................. yes
  Qt Widgets ............. yes
  Large File ............. yes
  QML debugging .......... no
  Use system proxies ..... no

Support enabled for:
  Accessibility .......... yes
  ALSA ................... no
  CUPS ................... no
  Evdev .................. no
  FontConfig ............. yes
  FreeType ............... yes (system library)
  Glib ................... no
  GTK theme .............. no
  HarfBuzz ............... qt
  Iconv .................. yes
  ICU .................... yes
  Image formats: 
    GIF .................. yes (in QtGui, using bundled copy)
    JPEG ................. yes (in QtGui, using system library)
    PNG .................. yes (in QtGui, using system library)
  journald ............... no
  mtdev .................. no
  Networking: 
    getaddrinfo .......... yes
    getifaddrs ........... yes
    IPv6 ifname .......... yes
    OpenSSL .............. yes (linked to the libraries)
  NIS .................... no
  OpenGL / OpenVG: 
    EGL .................. no
    OpenGL ............... no
    OpenVG ............... no
  PCRE ................... yes (bundled copy)
  pkg-config ............. no 
  PulseAudio ............. no
  QPA backends: 
    DirectFB ............. no
    EGLFS ................ no
    KMS .................. no
    LinuxFB .............. no
    XCB .................. no
  Session management ..... no
  SQL drivers: 
    DB2 .................. no
    InterBase ............ 
    MySQL ................ 
    OCI .................. no
    ODBC ................. 
    PostgreSQL ........... 
    SQLite 2 ............. no
    SQLite ............... qt-qt
    TDS .................. no
  udev ................... no
  xkbcommon .............. no
  zlib ................... yes (system library)


WARNING: Using static linking will disable the use of dynamically
loaded plugins. Make sure to import all needed static plugins,
or compile needed modules into the library.


NOTE: When linking against OpenSSL, you can override the default
library names through OPENSSL_LIBS.
For example:
    OPENSSL_LIBS='-L/opt/ssl/lib -lssl -lcrypto' ./configure -openssl-linked

